npm warn deprecated rimraf@2.6.3: Rimraf versions prior to v4 are no longer supported
npm warn deprecated inflight@1.0.6: This module is not supported, and leaks memory. Do not use it. Check out lru-cache if you want a good and tested way to coalesce async requests by a key value, which is much more comprehensive and powerful.
npm warn deprecated glob@7.2.3: Old versions of glob are not supported, and contain widely publicized security vulnerabilities, which have been fixed in the current version. Please update. Support for old versions may be purchased (at exorbitant rates) by contacting i@izs.me
npm warn deprecated boolean@3.2.0: Package no longer supported. Contact Support at https://www.npmjs.com/support for more info.
npm warn deprecated glob@7.2.3: Old versions of glob are not supported, and contain widely publicized security vulnerabilities, which have been fixed in the current version. Please update. Support for old versions may be purchased (at exorbitant rates) by contacting i@izs.me
npm warn deprecated glob@10.5.0: Old versions of glob are not supported, and contain widely publicized security vulnerabilities, which have been fixed in the current version. Please update. Support for old versions may be purchased (at exorbitant rates) by contacting i@izs.me
npm warn deprecated fluent-ffmpeg@2.1.3: Package no longer supported. Contact Support at https://www.npmjs.com/support for more info.

added 454 packages, and audited 455 packages in 18s

74 packages are looking for funding
  run `npm fund` for details

4 vulnerabilities (1 moderate, 3 high)

To address all issues, run:
  npm audit fix --force

Run `npm audit` for details.
npm warn install-scripts 5 packages have install scripts not yet covered by allowScripts:
npm warn install-scripts   electron-winstaller@5.4.0 (install: node ./script/select-7z-arch.js)
npm warn install-scripts   onnxruntime-node@1.24.3 (postinstall: node ./script/install)
npm warn install-scripts   protobufjs@7.6.6 (postinstall: node scripts/postinstall)
npm warn install-scripts   puppeteer@25.10.0 (postinstall: node install.mjs)
npm warn install-scripts   tesseract.js@7.0.0 (postinstall: opencollective-postinstall || true)
npm warn install-scripts
npm warn install-scripts Run `npm install-scripts ls` to review, or `npm install-scripts approve <pkg>` to allow.
