
> appgelatostock@0.45.0 test
> npm run build && node --test tests/*.test.cjs


> appgelatostock@0.45.0 build
> tsc -p tsconfig.json && node scripts/build-guide.cjs

guía generada: 122 líneas
✔ importes: formatos inequívocos y centavos, sin interpretación de separadores ambiguos (1.428958ms)
✔ sumas: detecta descuadre sin cálculos del modelo (0.855417ms)
✔ sumas: se abstiene con bases múltiples, impuestos porcentuales, gastos o datos ausentes (0.791167ms)
✔ doble lectura: discrepancia o respuesta inválida exige revisión sin sustituir por una predicción segura (1.46425ms)
✔ proforma y rectificación prevalecen sobre un modelo que dice factura; las instrucciones incrustadas bloquean (0.150333ms)
✔ coincidencia de lecturas no oculta importes incoherentes (0.115292ms)
✔ mencionar factura en una conversación no respalda un documento de cobro (0.9425ms)
✔ un encabezado distinto impide aceptar una clasificación coincidente pero incorrecta (0.7175ms)
✔ documentos mezclados exigen revisión (0.288416ms)
✔ sumas: etiquetas habituales en facturas españolas se reconocen sin ampliar la interpretación (0.455083ms)
✔ reglas de documentos: normalización de OCR y títulos en cualquier línea inicial (0.163042ms)
✔ reglas de documentos: los dos corpus sintéticos se leen sin errores (regresión) (2.346959ms)
✔ reglas primero: el modelo solo decide cuando no hay título ni rasgos de mensaje (0.151167ms)
✔ IA: entradas limitadas, sin rutas, instrucciones ejecutables ni campos extra (3.264667ms)
✔ IA: resultado inválido o con acciones queda por revisar (1.961666ms)
✔ IA: un solo trabajo y cancelación durante verificación (0.409ms)
✔ IA: jamás muestra texto inventado por el modelo como evidencia (0.12425ms)
✔ IA: tolera mayúsculas y devuelve el fragmento literal original (0.124167ms)
✔ chat: entradas acotadas, roles limitados y último mensaje del usuario (1.254375ms)
✔ chat: la respuesta se limpia a texto plano acotado y nunca queda vacía (0.526917ms)
✔ respuestas de proveedor: contrato cerrado y discrepancia sin inventar (0.521958ms)
✔ respuestas de proveedor: etiquetas en español del modelo se traducen al contrato interno (0.234625ms)
✔ chat: la guía se recorta a los párrafos relacionados con la pregunta y detecta lo que no cubre (3.989292ms)
✔ chat: las reglas prevalecen sobre el modelo en peticiones de acción y cuando la guía cubre la duda (4.234916ms)
✔ chat: cultura del gelato (easter egg) responde por reglas y no desplaza las dudas de la app (2.611875ms)
✔ contexto: la previsión se agrupa por día de Palma y nada se inventa (2.290541ms)
✔ contexto: festivos del calendario oficial, solo los que afectan a Palma (1.389125ms)
✔ contexto: ventas por nivel de impacto, hechos sin correlación (0.492334ms)
✔ contexto: servicio con fuentes simuladas, caídas, año sin publicar y eventos propios (24.015792ms)
✔ cruceros: la copia del registro se inspecciona y se restaura sin perder el registro actual (34.163125ms)
✔ contexto: rutas del servidor, ventas junto al impacto, eventos e interruptor (268.735584ms)
✔ fase 1: anular una producción duplicada devuelve todo a su sitio y deja rastro (21.886167ms)
✔ fase 1: corregir una producción deja una propuesta igual; lo ya vendido bloquea con explicación (7.672417ms)
✔ fase 1: corregir y eliminar una línea del cierre recalcula stock, día e historial (5.449ms)
✔ fase 1: el cambio de día de negocio se guarda, se valida y viaja a la interfaz (158.540709ms)
✔ cruceros: la hora es siempre la de Palma, con verano, invierno y cambios de hora (1.116459ms)
✔ cruceros: pasajeros declarados, sin confundir «cero» con «no disponible» (0.931375ms)
✔ cruceros: la respuesta externa se valida; la basura no entra (1.785375ms)
✔ cruceros: día normal, escala nocturna, simultaneidad e impacto auditable (6.616792ms)
✔ cruceros: estados solo los que la fuente permite afirmar, e integridad (0.763167ms)
✔ cruceros: cambios y retiradas actualizan la escala, sin duplicados ni pérdida de histórico (51.197542ms)
✔ cruceros: el histórico oficial se importa por páginas y una sola vez (15.8765ms)
✔ cruceros: rutas del servidor, permisos, umbrales e interruptor, sin red en pruebas (213.646458ms)
✔ carpeta de datos: portátil junto al ejecutable, instalada en la carpeta local de la persona (2.961916ms)
✔ carpeta de datos en Mac: soporte de la persona con la app empaquetada, proyecto en desarrollo (0.297125ms)
✔ resumen del día: al empezar + producido − salidas + ajustes = queda para mañana (24.19925ms)
✔ sin valor de venta la venta estimada es «No disponible», no cero (1.771167ms)
✔ confirmar el cierre congela el día; reabrir exige motivo y deja rastro (21.254583ms)
✔ el cierre confirmado persiste en SQLite (user_version 5) y la instantánea no deriva (64.293083ms)
✔ una base de la versión anterior (user_version 4, sin tabla days) abre sin perder nada (52.877459ms)
✔ servidor: GET /api/day resume el día y una acción sobre un día cerrado se rechaza (170.062875ms)
✔ conteo reemplaza stock, persiste historial y no muta estado original (13.814208ms)
✔ rechaza cantidades negativas, NaN e infinitas (0.836875ms)
✔ reposición considera pedidos en camino y respeta cajas (2.75875ms)
✔ autorizar separa proveedores y vacía carrito sin tocar stock (1.536917ms)
✔ doble autorización y doble envío no duplican pedidos (1.055167ms)
✔ rechaza autorización con versión obsoleta (0.400709ms)
✔ recepción parcial y total convierten cajas a litros una sola vez (1.770042ms)
✔ reintentar la misma recepción es idempotente (1.723709ms)
✔ recepciones imposibles y líneas duplicadas se rechazan sin cambios (1.329959ms)
✔ mensajes relevantes y promociones se distinguen sin modificar stock (8.069709ms)
✔ no vincula mensajes a otro proveedor (2.122042ms)
✔ copias inválidas se rechazan (0.664834ms)
✔ alta de producto valida presentación y objetivo (1.503334ms)
✔ copia con identificadores capaces de inyectar HTML se rechaza (0.443625ms)
✔ entrada, salida y corrección conservan un historial compensado (2.304ms)
✔ cancelar pendiente libera reposición y no altera stock (2.04725ms)
✔ editar presentación no cambia los pedidos ya autorizados (1.541375ms)
✔ no admite fracciones de unidades ni estados recibidos inconsistentes (1.100625ms)
✔ relevancia por referencia exacta no cambia prioridad ni pedidos (0.961333ms)
✔ referencias ajenas, desconocidas o múltiples requieren revisión (1.500583ms)
✔ pedido abierto sin referencia no basta para vincular un mensaje (0.980083ms)
✔ corrección manual conserva original y prioridad y registra motivo (2.713584ms)
✔ eventos repetidos no duplican y un ID con otro contenido se rechaza (1.00275ms)
✔ copia anterior sin relevancia conserva mensajes para revisión (0.277375ms)
✔ respuestas de proveedor: falta de producto, confirmación y fecha resuelta (0.30225ms)
✔ fechas relativas: mañana, día del mes, dd/mm, en N días y sin fecha exacta (0.122625ms)
✔ mensaje nuevo guarda interpretación y la anotación de IA no cambia stock ni pedidos (1.444875ms)
✔ receta: valida productos, unidades enteras y producto terminado en kg (1.695959ms)
✔ producción: propuesta escalada, aprobación editable, terminado y descarte (5.33675ms)
✔ producción no deja stock negativo y avisa de mínimos (1.289167ms)
✔ respuestas rutinarias: el corpus de desarrollo se lee por reglas con la categoría esperada (2.44425ms)
✔ envío real registra destino, texto y hora en el pedido sin tocar stock (2.414083ms)
✔ una respuesta de WhatsApp al número del pedido enviado se vincula sola y fija la entrega prevista (1.435875ms)
✔ el tipo de documento de una foto lo confirma la persona y se puede retirar (2.254084ms)
✔ ventas y mermas del día crean salidas trazables de producto terminado y avisan de mínimos (1.419959ms)
✔ limpieza de actividad conserva las entradas recientes y nunca toca movimientos (24.254625ms)
✔ escenarios ampliados: cierre, pago, documento, tipografía y horas se leen por reglas (1.593ms)
✔ corregir una lectura la recuerda y se aplica a mensajes iguales o casi iguales (2.700542ms)
✔ la identidad del negocio se edita y aparece en el texto de los pedidos (0.870875ms)
✔ documentos: propuesta por número de pedido, por único pedido o por importe; vínculo confirmado por la persona (5.160708ms)
✔ un PDF se guarda como documento y se acepta como origen WhatsApp (0.482958ms)
✔ decidir sobre un mensaje lo cierra con la decisión anotada, sin tocar pedidos ni stock (1.053333ms)
✔ proveedor: la web de compra solo admite direcciones https completas (2.18625ms)
✔ recetario: familia, elaboración y alérgenos se guardan; la familia por defecto es crema (0.726083ms)
✔ fechas locales: «mañana» se resuelve con el día del calendario local, no UTC (0.104417ms)
✔ balance técnico: porcentajes sobre la masa, rangos por familia y fichas que faltan (4.916667ms)
✔ resumen semanal: ventas, mermas, producción, pedidos y avisos de la semana local (3.153542ms)
✔ historial de precios: editar el precio deja rastro y avisa de subidas recientes (1.712833ms)
✔ conteo por zonas: la hoja ajusta el stock, deja conteos y el recordatorio sabe qué zona toca (3.838834ms)
✔ respuestas vinculadas: confirmación y fecha marcan el pedido; acciones desde el mensaje (6.552958ms)
✔ otro proveedor: se apunta con su formato y su precio, y no cambia la ficha (1.057708ms)
✔ el carrito compra a quien se elija y el pedido va a ese proveedor (0.735875ms)
✔ volver al proveedor habitual y quitar la alternativa deja el carrito limpio (1.515292ms)
✔ un recordatorio deja rastro sin tocar el pedido y no se repite el mismo día (4.667125ms)
✔ el texto del recordatorio sale de la plantilla y dice cuántos días lleva (1.31175ms)
✔ lee un precio del mensaje solo cuando el texto no deja dudas (0.120667ms)
✔ un precio leído viaja en la interpretación y no cambia nada por su cuenta (0.668417ms)
✔ apuntar el precio de un mensaje deja origen, documento citado y stock intacto (2.196417ms)
✔ apuntar el precio de un documento cita el documento archivado (1.341209ms)
✔ el catálogo del proveedor dice «No disponible» cuando nada fecha el precio (0.099125ms)
✔ el catálogo incluye los productos que también compra a ese proveedor (10.10925ms)
✔ nombre y alias completos identifican sin depender de tildes (5.553875ms)
✔ varios nombres quedan por revisar y el NIF distingue al emisor (0.383125ms)
✔ WhatsApp usa el remitente conocido y no una mención en el mensaje (0.305542ms)
✔ Makro se reconoce cuando existe una ficha local con ese nombre (12.080958ms)
✔ el identificador no modifica el estado ni acepta entradas ilimitadas (1.859417ms)
✔ OCR real con idioma incluido y fetch bloqueado reconoce proveedor (500.027958ms)
✔ el acceso de inicio no lleva ninguna versión escrita a mano (1.141125ms)
✔ empaquetado: cada plataforma lleva solo sus binarios nativos y su nombre de carpeta (1.494042ms)
✔ empaquetado Mac: el Info.plist de Electron.app queda con nombre, identificador y versión de la app (0.742875ms)
✔ el texto de un PDF sale del propio archivo, sin OCR (92.918292ms)
✔ un PDF escaneado no trae texto y la app lo dice en vez de inventarlo (3.129042ms)
✔ acepta el archivo tal cual y rechaza lo que no es un PDF (11.254708ms)
✔ qué producir hoy: objetivo − stock, con la venta media reciente como dato (20.062542ms)
✔ indicadores del día para el inicio: hechos de hoy y aviso de ayer sin confirmar (10.045917ms)
✔ servidor: /api/plan y el día en el sobre de estado (114.86375ms)
✔ cierre del día: vendido, o lo que queda, con motivo de merma (15.842167ms)
✔ cierre del día: deshacer compensa todo el día y el historial no cuenta lo deshecho (9.03025ms)
✔ resumen semanal: cuenta por día de negocio y no cuenta lo deshecho (1.709583ms)
✔ cierre del día: ruta del historial con permisos y motivos (149.679834ms)
✔ fase 2: invitación o consumo sale del stock, pero no es merma ni venta (4.395166ms)
✔ fase 2: las degustaciones apuntadas antes como merma se leen como invitación, sin reescribir nada (2.503625ms)
✔ merma de un ingrediente: los mismos motivos que el cierre del día, y la semana los junta (2.694417ms)
✔ objetivo de merma por producto, en su unidad o en porcentaje: solo avisa (8.340834ms)
✔ merma de un gelato desde Inventario: a cualquier hora, y cuenta como merma del cierre de ese día (12.194083ms)
✔ servidor SQLite: autenticación, revisión, persistencia y restauración (327.29975ms)
✔ envío real por WhatsApp desde el servidor: vista previa exacta, un envío y estado enviado (213.648667ms)
✔ copia automática al arrancar, con retención de copias automáticas y aviso en el estado (179.574416ms)
✔ la preferencia de conectar WhatsApp al abrir se guarda y se refleja en la vista (87.58975ms)
✔ exportación CSV de inventario y movimientos con BOM y punto y coma (85.775292ms)
✔ recetario con contraseña: oculta recetas, bloquea acciones, desbloquea y limpieza configurable (599.021958ms)
✔ responder a un mensaje de WhatsApp desde la bandeja envía el texto y anota la decisión (89.966125ms)
✔ CSV: las celdas que empezarían una fórmula llevan apóstrofo; los números no cambian (0.41225ms)
✔ registros locales: pasado 1 MB el archivo rota a .anterior y sigue escribiendo (2.177667ms)
✔ copia secundaria: se valida la carpeta, se copia cada copia y se avisa en el estado (101.455542ms)
✔ historial paginado: la interfaz recibe solo lo reciente y pide lo demás a /api/history (152.197875ms)
✔ envío por lotes: lista completa, selección, envío uno a uno con pausa y progreso consultable (204.965041ms)
✔ exportación CSV a una carpeta elegida: ruta absoluta obligatoria, archivos creados allí (54.342958ms)
✔ plantilla del pedido: se guarda, exige {lineas} y la vista previa la usa (110.935875ms)
✔ un PDF con texto se lee en el servidor y propone proveedor; un escaneo lo dice (128.869833ms)
✔ catálogo por proveedor: el sobre de estado lo trae y apuntar un precio cita el mensaje (85.245542ms)
✔ escribir a un proveedor desde Mensajes: solo a su chat autorizado y con el canal conectado (94.531875ms)
✔ latido: qué ha llegado sin traer todo el estado, con la lectura del último mensaje y el aviso apagable (96.09325ms)
✔ migración conserva JSON, datos y fotografías en adjuntos separados (45.721291ms)
✔ JSON inválido no se reemplaza por datos de ejemplo (8.36275ms)
✔ un fallo a mitad de transacción revierte stock, movimiento y operación (31.794959ms)
✔ dos conexiones detectan versión obsoleta y no pisan cambios (33.39425ms)
✔ idempotencia persiste al reiniciar y rechaza reutilizar ID con otro contenido (35.971792ms)
✔ adjuntos se deduplican por contenido y las copias son portables (62.415292ms)
✔ no acepta un archivo falso con extensión de imagen (35.926333ms)
✔ restauración reemplaza relaciones en una sola transacción (48.158958ms)
✔ terminación del proceso sin commit no deja cambios parciales (109.302791ms)
✔ guardar un movimiento no reescribe el historial previo (202.609875ms)
✔ clasificación corregida y texto original persisten tras reinicio SQLite (68.673667ms)
✔ crear proveedor crea carpeta estable y ficha aunque cambie el nombre (58.748166ms)
✔ foto por proveedor y fecha se conserva al reclasificar y restaurar (92.367292ms)
✔ fotos antiguas quedan sin proveedor y fechas inexistentes se rechazan (32.705875ms)
✔ fallo del archivo derivado avisa sin perder la transacción y permite recuperar (33.018083ms)
✔ datos identificativos y OCR persisten y están en la copia portable (36.044375ms)
✔ recetas y producciones persisten en SQLite y sobreviven al reinicio (36.019541ms)
✔ corte brusco del proceso a mitad de escrituras deja la base íntegra y consistente (20078.435084ms)
✔ las frases aprendidas persisten y la base pasa a versión 3 sin perder datos (61.061625ms)
✔ un PDF se almacena por huella, se sirve con su tipo y se archiva por proveedor (69.976375ms)
✔ historial de precios persiste en SQLite (user_version 5) y sobrevive a reabrir (34.2375ms)
✔ ejemplo del usuario: chocolate a 50 €/kg de coste y 100 €/kg de venta (19.551583ms)
✔ el valor de venta tiene historial: cambiarlo hoy no toca los días pasados (18.904333ms)
✔ coste calculado con los precios de compra; instantánea en cada producción (4.614833ms)
✔ sin precio de compra el coste es «No disponible», salvo que se escriba a mano (3.964875ms)
✔ el valor de venta exige que el gelato esté dado de alta para vender (1.151333ms)
✔ servidor: la receta trae su coste con fórmula y /api/sales los dos informes (209.759208ms)
✔ una receta nueva da de alta su gelato sola: ya admite valor, ventas y mermas (4.840125ms)
✔ fase 6: los apuntes hablan claro y el cambio de texto no rompe ningún cálculo (6.146125ms)
✔ el valor de venta se puede fechar hacia atrás, nunca hacia delante, y avisa de los días cerrados (3.886666ms)
✔ cambiar cuenta registra número anterior/nuevo y no mezcla conversaciones (13.148417ms)
✔ eventos se deduplican dentro de una cuenta y no entre números propios (40.958917ms)
✔ revocar contacto detiene importación y conserva lo importado (8.005959ms)
✔ remitente ajeno no dispara descarga ni deja mensajes (8.235667ms)
✔ evento de sesión anterior se ignora tras un cambio (6.784125ms)
✔ mensaje autorizado conserva la cuenta y el remitente (7.8865ms)
✔ sesión y cuentas persisten al reiniciar sin contener QR (8.207916ms)
✔ respaldo conserva conversaciones sin copiar credenciales (8.123125ms)
✔ envío real: solo conectado, solo a chats autorizados, una vez por pedido y con registro (9.234542ms)
✔ diagnóstico local registra motivos sin contenido y resuelve remitentes por LID (6.403917ms)
✔ envío real: usa el chat resuelto por WhatsApp y falla de forma visible si no existe chat (7.716333ms)
✔ entrante con identificador sin _serialized se importa con clave reconstruida y no se duplica (6.988083ms)
✔ un mensaje autorizado de un proveedor entra en la bandeja principal una sola vez (5.145958ms)
✔ preferencia de conexión automática y evento local al recibir un mensaje autorizado (6.175209ms)
✔ el aviso de un mensaje autorizado dice lo que las reglas han leído (6.145084ms)
✔ la sesión se recuerda al conectar y solo se olvida al cerrarla (10.350041ms)
✔ una sesión ya vinculada se recuerda una sola vez, y apagarlo después se respeta (15.061875ms)
✔ recuperación del historial reciente importa solo lo que falta y respeta autorizaciones (14.8655ms)
✔ reconexión automática se programa solo con la preferencia activa y sin cierre de sesión (9.30675ms)
✔ limpieza del canal borra mensajes, envíos, notas y adjuntos antiguos y conserva lo reciente (13.056542ms)
✔ un adjunto de proveedor autorizado se archiva en Documentos con texto OCR si está disponible (23.0995ms)
ℹ tests 205
ℹ suites 0
ℹ pass 205
ℹ fail 0
ℹ cancelled 0
ℹ skipped 0
ℹ todo 0
ℹ duration_ms 23498.580792
